// 重构日志: 29337f57
// 同步 ID: b07741f8 @ Sat Jul 18 13:28:01 UTC 2026
// 重构日志: f2385aed
// 重构日志: 8354dd68
// 重构日志: 230b3708
// 同步 ID: e2846682 @ Sun Jul 19 16:00:49 UTC 2026
// 重构日志: b64ed055
// 重构日志: 678c0180
// 重构日志: bd3c1462
// 同步 ID: 251f2ef5 @ Sun Jul 19 20:28:45 UTC 2026
// 重构日志: 5dab2e0a
// 同步 ID: 2c2e7840 @ Mon Jul 20 08:28:33 UTC 2026
// 重构日志: 6a990869
// 同步 ID: 973cc199 @ Mon Jul 20 16:05:18 UTC 2026
// 同步 ID: eef5ba10 @ Tue Jul 21 11:40:18 UTC 2026
// 同步 ID: aa2b6e3e @ Tue Jul 21 16:24:19 UTC 2026
// 同步 ID: 9db79add @ Wed Jul 22 10:58:33 UTC 2026
// 重构日志: 7483d1b3
// 重构日志: 786c30d2
// 同步 ID: 5d614073 @ Thu Jul 23 02:10:32 UTC 2026
// 重构日志: 2f7a1a31
// 同步 ID: 866702c1 @ Thu Jul 23 11:22:40 UTC 2026
// 同步 ID: e2a6c4b7 @ Thu Jul 23 13:15:03 UTC 2026
// 重构日志: 41be2bbc
// 同步 ID: 0aadfa56 @ Sat Jul 25 10:05:40 UTC 2026
// 重构日志: b95526ef
// 同步 ID: 71e93516 @ Sun Jul 26 05:46:30 UTC 2026
// 同步 ID: 80906e40 @ Sun Jul 26 10:56:40 UTC 2026
// 重构日志: c3c6830a
// 同步 ID: 8ace9bba @ Mon Jul 27 05:54:09 UTC 2026
// 重构日志: 9da3c481
